Archive member included because of file (symbol)

c:/siliconlabs/simplicitystudio/v4/developer/toolchains/gnu_arm/4.9_2015q3/bin/../lib/gcc/arm-none-eabi/4.9.3/../../../../arm-none-eabi/lib/armv7-m\libc_nano.a(lib_a-ctype_.o)
                              ./src/main.o (__ctype_ptr__)
c:/siliconlabs/simplicitystudio/v4/developer/toolchains/gnu_arm/4.9_2015q3/bin/../lib/gcc/arm-none-eabi/4.9.3/../../../../arm-none-eabi/lib/armv7-m\libc_nano.a(lib_a-exit.o)
                              c:/siliconlabs/simplicitystudio/v4/developer/toolchains/gnu_arm/4.9_2015q3/bin/../lib/gcc/arm-none-eabi/4.9.3/../../../../arm-none-eabi/lib/armv7-m/crt0.o (exit)
c:/siliconlabs/simplicitystudio/v4/developer/toolchains/gnu_arm/4.9_2015q3/bin/../lib/gcc/arm-none-eabi/4.9.3/../../../../arm-none-eabi/lib/armv7-m\libc_nano.a(lib_a-impure.o)
                              c:/siliconlabs/simplicitystudio/v4/developer/toolchains/gnu_arm/4.9_2015q3/bin/../lib/gcc/arm-none-eabi/4.9.3/../../../../arm-none-eabi/lib/armv7-m\libc_nano.a(lib_a-exit.o) (_global_impure_ptr)
c:/siliconlabs/simplicitystudio/v4/developer/toolchains/gnu_arm/4.9_2015q3/bin/../lib/gcc/arm-none-eabi/4.9.3/../../../../arm-none-eabi/lib/armv7-m\libc_nano.a(lib_a-init.o)
                              c:/siliconlabs/simplicitystudio/v4/developer/toolchains/gnu_arm/4.9_2015q3/bin/../lib/gcc/arm-none-eabi/4.9.3/../../../../arm-none-eabi/lib/armv7-m/crt0.o (__libc_init_array)
c:/siliconlabs/simplicitystudio/v4/developer/toolchains/gnu_arm/4.9_2015q3/bin/../lib/gcc/arm-none-eabi/4.9.3/../../../../arm-none-eabi/lib/armv7-m\libc_nano.a(lib_a-memcpy.o)
                              ./FreeRTOS/efm32gg/queue.o (memcpy)
c:/siliconlabs/simplicitystudio/v4/developer/toolchains/gnu_arm/4.9_2015q3/bin/../lib/gcc/arm-none-eabi/4.9.3/../../../../arm-none-eabi/lib/armv7-m\libc_nano.a(lib_a-memset.o)
                              c:/siliconlabs/simplicitystudio/v4/developer/toolchains/gnu_arm/4.9_2015q3/bin/../lib/gcc/arm-none-eabi/4.9.3/../../../../arm-none-eabi/lib/armv7-m/crt0.o (memset)
c:/siliconlabs/simplicitystudio/v4/developer/toolchains/gnu_arm/4.9_2015q3/bin/../lib/gcc/arm-none-eabi/4.9.3/../../../../arm-none-eabi/lib/armv7-m\libc_nano.a(lib_a-printf.o)
                              ./src/main.o (printf)
c:/siliconlabs/simplicitystudio/v4/developer/toolchains/gnu_arm/4.9_2015q3/bin/../lib/gcc/arm-none-eabi/4.9.3/../../../../arm-none-eabi/lib/armv7-m\libc_nano.a(lib_a-findfp.o)
                              c:/siliconlabs/simplicitystudio/v4/developer/toolchains/gnu_arm/4.9_2015q3/bin/../lib/gcc/arm-none-eabi/4.9.3/../../../../arm-none-eabi/lib/armv7-m\libc_nano.a(lib_a-printf.o) (__sinit)
c:/siliconlabs/simplicitystudio/v4/developer/toolchains/gnu_arm/4.9_2015q3/bin/../lib/gcc/arm-none-eabi/4.9.3/../../../../arm-none-eabi/lib/armv7-m\libc_nano.a(lib_a-fwalk.o)
                              c:/siliconlabs/simplicitystudio/v4/developer/toolchains/gnu_arm/4.9_2015q3/bin/../lib/gcc/arm-none-eabi/4.9.3/../../../../arm-none-eabi/lib/armv7-m\libc_nano.a(lib_a-findfp.o) (_fwalk)
c:/siliconlabs/simplicitystudio/v4/developer/toolchains/gnu_arm/4.9_2015q3/bin/../lib/gcc/arm-none-eabi/4.9.3/../../../../arm-none-eabi/lib/armv7-m\libc_nano.a(lib_a-nano-mallocr.o)
                              c:/siliconlabs/simplicitystudio/v4/developer/toolchains/gnu_arm/4.9_2015q3/bin/../lib/gcc/arm-none-eabi/4.9.3/../../../../arm-none-eabi/lib/armv7-m\libc_nano.a(lib_a-findfp.o) (_malloc_r)
c:/siliconlabs/simplicitystudio/v4/developer/toolchains/gnu_arm/4.9_2015q3/bin/../lib/gcc/arm-none-eabi/4.9.3/../../../../arm-none-eabi/lib/armv7-m\libc_nano.a(lib_a-nano-vfprintf.o)
                              c:/siliconlabs/simplicitystudio/v4/developer/toolchains/gnu_arm/4.9_2015q3/bin/../lib/gcc/arm-none-eabi/4.9.3/../../../../arm-none-eabi/lib/armv7-m\libc_nano.a(lib_a-printf.o) (_vfprintf_r)
c:/siliconlabs/simplicitystudio/v4/developer/toolchains/gnu_arm/4.9_2015q3/bin/../lib/gcc/arm-none-eabi/4.9.3/../../../../arm-none-eabi/lib/armv7-m\libc_nano.a(lib_a-nano-vfprintf_i.o)
                              c:/siliconlabs/simplicitystudio/v4/developer/toolchains/gnu_arm/4.9_2015q3/bin/../lib/gcc/arm-none-eabi/4.9.3/../../../../arm-none-eabi/lib/armv7-m\libc_nano.a(lib_a-nano-vfprintf.o) (_printf_i)
c:/siliconlabs/simplicitystudio/v4/developer/toolchains/gnu_arm/4.9_2015q3/bin/../lib/gcc/arm-none-eabi/4.9.3/../../../../arm-none-eabi/lib/armv7-m\libc_nano.a(lib_a-sbrkr.o)
                              c:/siliconlabs/simplicitystudio/v4/developer/toolchains/gnu_arm/4.9_2015q3/bin/../lib/gcc/arm-none-eabi/4.9.3/../../../../arm-none-eabi/lib/armv7-m\libc_nano.a(lib_a-nano-mallocr.o) (_sbrk_r)
c:/siliconlabs/simplicitystudio/v4/developer/toolchains/gnu_arm/4.9_2015q3/bin/../lib/gcc/arm-none-eabi/4.9.3/../../../../arm-none-eabi/lib/armv7-m\libc_nano.a(lib_a-stdio.o)
[...]
Memory Configuration

Name             Origin             Length             Attributes
FLASH            0x00000000         0x00100000         xr
RAM              0x20000000         0x00020000         xrw
*default*        0x00000000         0xffffffff

Linker script and memory map

LOAD c:/siliconlabs/simplicitystudio/v4/developer/toolchains/gnu_arm/4.9_2015q3/bin/../lib/gcc/arm-none-eabi/4.9.3/armv7-m/crti.o
LOAD c:/siliconlabs/simplicitystudio/v4/developer/toolchains/gnu_arm/4.9_2015q3/bin/../lib/gcc/arm-none-eabi/4.9.3/armv7-m/crtbegin.o
LOAD c:/siliconlabs/simplicitystudio/v4/developer/toolchains/gnu_arm/4.9_2015q3/bin/../lib/gcc/arm-none-eabi/4.9.3/../../../../arm-none-eabi/lib/armv7-m/crt0.o
LOAD ./BSP/bsp_stk_leds.o
LOAD ./BSP/bsp_trace.o
LOAD ./CMSIS/EFM32GG/startup_gcc_efm32gg.o
LOAD ./CMSIS/EFM32GG/system_efm32gg.o
LOAD ./Drivers/sleep.o
LOAD ./FreeRTOS/efm32gg/croutine.o
LOAD ./FreeRTOS/efm32gg/event_groups.o
LOAD ./FreeRTOS/efm32gg/heap_1.o
LOAD ./FreeRTOS/efm32gg/list.o
LOAD ./FreeRTOS/efm32gg/port_gcc.o
LOAD ./FreeRTOS/efm32gg/queue.o
LOAD ./FreeRTOS/efm32gg/tasks.o
LOAD ./FreeRTOS/efm32gg/timers.o
LOAD ./emlib/em_assert.o
LOAD ./emlib/em_burtc.o
LOAD ./emlib/em_cmu.o
LOAD ./emlib/em_core.o
LOAD ./emlib/em_emu.o
LOAD ./emlib/em_gpio.o
LOAD ./emlib/em_i2c.o
LOAD ./emlib/em_rmu.o
LOAD ./emlib/em_rtc.o
LOAD ./emlib/em_system.o
LOAD ./src/low_power_tick_management.o
LOAD ./src/main.o
LOAD ./src/makePrintfWork.o
START GROUP
LOAD c:/siliconlabs/simplicitystudio/v4/developer/toolchains/gnu_arm/4.9_2015q3/bin/../lib/gcc/arm-none-eabi/4.9.3/armv7-m\libgcc.a
LOAD c:/siliconlabs/simplicitystudio/v4/developer/toolchains/gnu_arm/4.9_2015q3/bin/../lib/gcc/arm-none-eabi/4.9.3/../../../../arm-none-eabi/lib/armv7-m\libc_nano.a
LOAD c:/siliconlabs/simplicitystudio/v4/developer/toolchains/gnu_arm/4.9_2015q3/bin/../lib/gcc/arm-none-eabi/4.9.3/../../../../arm-none-eabi/lib/armv7-m\libnosys.a
END GROUP
START GROUP
LOAD c:/siliconlabs/simplicitystudio/v4/developer/toolchains/gnu_arm/4.9_2015q3/bin/../lib/gcc/arm-none-eabi/4.9.3/armv7-m\libgcc.a
LOAD c:/siliconlabs/simplicitystudio/v4/developer/toolchains/gnu_arm/4.9_2015q3/bin/../lib/gcc/arm-none-eabi/4.9.3/../../../../arm-none-eabi/lib/armv7-m\libg_nano.a
LOAD c:/siliconlabs/simplicitystudio/v4/developer/toolchains/gnu_arm/4.9_2015q3/bin/../lib/gcc/arm-none-eabi/4.9.3/../../../../arm-none-eabi/lib/armv7-m\libc_nano.a
END GROUP
START GROUP
LOAD c:/siliconlabs/simplicitystudio/v4/developer/toolchains/gnu_arm/4.9_2015q3/bin/../lib/gcc/arm-none-eabi/4.9.3/armv7-m\libgcc.a
LOAD c:/siliconlabs/simplicitystudio/v4/developer/toolchains/gnu_arm/4.9_2015q3/bin/../lib/gcc/arm-none-eabi/4.9.3/../../../../arm-none-eabi/lib/armv7-m\libc_nano.a
END GROUP
LOAD c:/siliconlabs/simplicitystudio/v4/developer/toolchains/gnu_arm/4.9_2015q3/bin/../lib/gcc/arm-none-eabi/4.9.3/armv7-m/crtend.o
LOAD c:/siliconlabs/simplicitystudio/v4/developer/toolchains/gnu_arm/4.9_2015q3/bin/../lib/gcc/arm-none-eabi/4.9.3/armv7-m/crtn.o

.text           0x00000000     0x3e20
 *(.vectors)
 .vectors       0x00000000       0xdc ./CMSIS/EFM32GG/startup_gcc_efm32gg.o
                0x00000000                __Vectors
                0x000000dc                __Vectors_End = .
                0x000000dc                __Vectors_Size = (__Vectors_End - __Vectors)
                0x000000dc                __end__ = .
 *(.text*)
 .text          0x000000dc       0x5c c:/siliconlabs/simplicitystudio/v4/developer/toolchains/gnu_arm/4.9_2015q3/bin/../lib/gcc/arm-none-eabi/4.9.3/armv7-m/crtbegin.o
 .text          0x00000138       0x74 c:/siliconlabs/simplicitystudio/v4/developer/toolchains/gnu_arm/4.9_2015q3/bin/../lib/gcc/arm-none-eabi/4.9.3/../../../../arm-none-eabi/lib/armv7-m/crt0.o
                0x00000138                _start
                0x00000138                _mainCRTStartup
 .text          0x000001ac       0x30 ./CMSIS/EFM32GG/startup_gcc_efm32gg.o
                0x000001ac                Reset_Handler
                0x000001d8                DebugMon_Handler
                0x000001d8                USART0_TX_IRQHandler
                0x000001d8                I2C0_IRQHandler
                0x000001d8                HardFault_Handler
                0x000001d8                LEUART1_IRQHandler
                0x000001d8                USART1_RX_IRQHandler
                0x000001d8                NMI_Handler
                0x000001d8                TIMER3_IRQHandler
                0x000001d8                USART1_TX_IRQHandler
                0x000001d8                MSC_IRQHandler
                0x000001d8                ADC0_IRQHandler
                0x000001d8                UsageFault_Handler
                0x000001d8                LEUART0_IRQHandler
                0x000001d8                GPIO_EVEN_IRQHandler
                0x000001d8                UART0_TX_IRQHandler
                0x000001d8                UART1_TX_IRQHandler
                0x000001d8                TIMER0_IRQHandler
                0x000001d8                TIMER2_IRQHandler
                0x000001d8                LCD_IRQHandler
                0x000001d8                PCNT2_IRQHandler
                0x000001d8                UART0_RX_IRQHandler
                0x000001d8                LETIMER0_IRQHandler
                0x000001d8                TIMER1_IRQHandler
                0x000001d8                USART2_RX_IRQHandler
                0x000001d8                Default_Handler
                0x000001d8                EMU_IRQHandler
                0x000001d8                PCNT0_IRQHandler
                0x000001d8                USB_IRQHandler
                0x000001d8                PCNT1_IRQHandler
                0x000001d8                ACMP0_IRQHandler
                0x000001d8                USART0_RX_IRQHandler
                0x000001d8                MemManage_Handler
                0x000001d8                DAC0_IRQHandler
                0x000001d8                UART1_RX_IRQHandler
                0x000001d8                CMU_IRQHandler
                0x000001d8                EBI_IRQHandler
                0x000001d8                LESENSE_IRQHandler
                0x000001d8                GPIO_ODD_IRQHandler
                0x000001d8                AES_IRQHandler
                0x000001d8                VCMP_IRQHandler
                0x000001d8                DMA_IRQHandler
                0x000001d8                BusFault_Handler
                0x000001d8                USART2_TX_IRQHandler
 .text.GetProdRev
                0x000001dc       0x1c ./CMSIS/EFM32GG/system_efm32gg.o
 .text.SystemCoreClockGet
                0x000001f8       0x34 ./CMSIS/EFM32GG/system_efm32gg.o
                0x000001f8                SystemCoreClockGet
 .text.SystemMaxCoreClockGet
                0x0000022c       0x14 ./CMSIS/EFM32GG/system_efm32gg.o
                0x0000022c                SystemMaxCoreClockGet
 .text.SystemHFClockGet
                0x00000240      0x100 ./CMSIS/EFM32GG/system_efm32gg.o
                0x00000240                SystemHFClockGet
 .text.SystemHFXOClockGet
                0x00000340       0x18 ./CMSIS/EFM32GG/system_efm32gg.o
                0x00000340                SystemHFXOClockGet
 .text.SystemInit
                0x00000358        0xc ./CMSIS/EFM32GG/system_efm32gg.o
                0x00000358                SystemInit
 .text.SystemLFRCOClockGet
                0x00000364       0x14 ./CMSIS/EFM32GG/system_efm32gg.o
                0x00000364                SystemLFRCOClockGet
 .text.SystemULFRCOClockGet
                0x00000378       0x14 ./CMSIS/EFM32GG/system_efm32gg.o
                0x00000378                SystemULFRCOClockGet
 .text.SystemLFXOClockGet
                0x0000038c       0x18 ./CMSIS/EFM32GG/system_efm32gg.o
                0x0000038c                SystemLFXOClockGet
 .text.vListInsertEnd
                0x000003a4       0x48 ./FreeRTOS/efm32gg/list.o
                0x000003a4                vListInsertEnd
 .text.uxListRemove
                0x000003ec       0x54 ./FreeRTOS/efm32gg/list.o
                0x000003ec                uxListRemove
 .text.SVC_Handler
                0x00000440       0x24 ./FreeRTOS/efm32gg/port_gcc.o
                0x00000440                SVC_Handler
 *fill*         0x00000464        0xc 
 .text.PendSV_Handler
                0x00000470       0x44 ./FreeRTOS/efm32gg/port_gcc.o
                0x00000470                PendSV_Handler
 .text.SysTick_Handler
                0x000004b4       0x40 ./FreeRTOS/efm32gg/port_gcc.o
                0x000004b4                SysTick_Handler
 .text.xTaskIncrementTick
                0x000004f4      0x178 ./FreeRTOS/efm32gg/tasks.o
                0x000004f4                xTaskIncrementTick
 .text.vTaskSwitchContext
                0x0000066c       0xa8 ./FreeRTOS/efm32gg/tasks.o
                0x0000066c                vTaskSwitchContext
 .text.prvResetNextTaskUnblockTime
                0x00000714       0x48 ./FreeRTOS/efm32gg/tasks.o
 .text.assertEFM
                0x0000075c        0xc ./emlib/em_assert.o
                0x0000075c                assertEFM
 .text.regSync  0x00000768       0x40 ./emlib/em_burtc.o
 .text.BURTC_CompareSet
                0x000007a8       0x34 ./emlib/em_burtc.o
                0x000007a8                BURTC_CompareSet
 .text.BURTC_CompareGet
                0x000007dc       0x2c ./emlib/em_burtc.o
                0x000007dc                BURTC_CompareGet
 .text.BUS_RegBitWrite
                0x00000808       0x2c ./emlib/em_cmu.o
 .text.BUS_RegBitRead
                0x00000834       0x2c ./emlib/em_cmu.o
 .text.CMU_DivToLog2
                0x00000860       0x3c ./emlib/em_cmu.o
 .text.SYSTEM_GetProdRev
                0x0000089c       0x1c ./emlib/em_cmu.o
 .text.SYSTEM_GetFamily
                0x000008b8       0x20 ./emlib/em_cmu.o
 .text.maxFreqHfle
                0x000008d8       0x84 ./emlib/em_cmu.o
 .text.setHfLeConfig
                0x0000095c       0x60 ./emlib/em_cmu.o
 .text.getHfLeConfig
                0x000009bc       0x20 ./emlib/em_cmu.o
 .text.auxClkGet
                0x000009dc       0xc0 ./emlib/em_cmu.o
 .text.dbgClkGet
                0x00000a9c       0x4c ./emlib/em_cmu.o
 .text.flashWaitStateControl
                0x00000ae8       0x98 ./emlib/em_cmu.o
 .text.flashWaitStateMax
                0x00000b80       0x40 ./emlib/em_cmu.o
 .text.CMU_UpdateWaitStates
                0x00000bc0       0x40 ./emlib/em_cmu.o
                0x00000bc0                CMU_UpdateWaitStates
 .text.lfClkGet
                0x00000c00      0x10c ./emlib/em_cmu.o
 .text.syncReg  0x00000d0c       0x34 ./emlib/em_cmu.o
 .text.usbCClkGet
                0x00000d40       0x4c ./emlib/em_cmu.o
 .text.CMU_ClockEnable
                0x00000d8c       0xdc ./emlib/em_cmu.o
                0x00000d8c                CMU_ClockEnable
 .text.CMU_ClockFreqGet
                0x00000e68      0x1e4 ./emlib/em_cmu.o
                0x00000e68                CMU_ClockFreqGet
 .text.CMU_ClockSelectGet
                0x0000104c      0x168 ./emlib/em_cmu.o
                0x0000104c                CMU_ClockSelectGet
 .text.CMU_ClockSelectSet
                0x000011b4      0x2d8 ./emlib/em_cmu.o
                0x000011b4                CMU_ClockSelectSet
 .text.CMU_OscillatorEnable
                0x0000148c       0xc8 ./emlib/em_cmu.o
                0x0000148c                CMU_OscillatorEnable
 .text.SystemCoreClockUpdate
                0x00001554        0xc ./emlib/em_emu.o
 .text.CMU_Lock
                0x00001560       0x18 ./emlib/em_emu.o
 .text.CMU_Unlock
                0x00001578       0x1c ./emlib/em_emu.o
 .text.emState  0x00001594       0xcc ./emlib/em_emu.o
 .text.getErrataFixEmuE107En
                0x00001660       0x64 ./emlib/em_emu.o
 .text.EMU_EnterEM2
                0x000016c4       0x8c ./emlib/em_emu.o
                0x000016c4                EMU_EnterEM2
 .text.GPIO_PinOutClear
                0x00001750       0x98 ./emlib/em_gpio.o
 .text.GPIO_PinOutSet
                0x000017e8       0x98 ./emlib/em_gpio.o
 .text.GPIO_PinModeSet
                0x00001880      0x150 ./emlib/em_gpio.o
                0x00001880                GPIO_PinModeSet
 .text.BUS_RegBitWrite
                0x000019d0       0x2c ./emlib/em_i2c.o
 .text.BUS_RegMaskedWrite
                0x000019fc       0x28 ./emlib/em_i2c.o
 .text.I2C_BusFreqSet
                0x00001a24      0x144 ./emlib/em_i2c.o
                0x00001a24                I2C_BusFreqSet
 .text.I2C_Init
                0x00001b68       0x84 ./emlib/em_i2c.o
                0x00001b68                I2C_Init
 .text.I2C_Transfer
                0x00001bec      0x454 ./emlib/em_i2c.o
                0x00001bec                I2C_Transfer
 .text.I2C_TransferInit
                0x00002040      0x104 ./emlib/em_i2c.o
                0x00002040                I2C_TransferInit
 .text.RTC_CompareSet
                0x00002144       0x5c ./emlib/em_rtc.o
                0x00002144                RTC_CompareSet
 .text.RTC_Init
                0x000021a0       0x50 ./emlib/em_rtc.o
                0x000021a0                RTC_Init
 .text.SYSTEM_ChipRevisionGet
                0x000021f0       0x84 ./emlib/em_system.o
                0x000021f0                SYSTEM_ChipRevisionGet
 .text.BUS_RegBitWrite
                0x00002274       0x2c ./src/low_power_tick_management.o
 .text.BURTC_IntClear
                0x000022a0       0x1c ./src/low_power_tick_management.o
 .text.BURTC_Enable
                0x000022bc       0x5c ./src/low_power_tick_management.o
 .text.BURTC_IRQHandler
                0x00002318       0x78 ./src/low_power_tick_management.o
                0x00002318                BURTC_IRQHandler
 .text.NVIC_EnableIRQ
                0x00002390       0x30 ./src/main.o
 .text.NVIC_DisableIRQ
                0x000023c0       0x34 ./src/main.o
 .text.SYSTEM_GetProdRev
                0x000023f4       0x1c ./src/main.o
 .text.GPIO_PinOutClear
                0x00002410       0x98 ./src/main.o
 .text.GPIO_PinOutSet
                0x000024a8       0x98 ./src/main.o
 .text.CHIP_Init
                0x00002540       0x3c ./src/main.o
 .text.I2C_IntClear
                0x0000257c       0x1c ./src/main.o
 .text.I2C_IntDisable
                0x00002598       0x24 ./src/main.o
 .text.I2C_IntEnable
                0x000025bc       0x20 ./src/main.o
 .text.RTC_IntClear
                0x000025dc       0x1c ./src/main.o
 .text.RTC_IntEnable
                0x000025f8       0x24 ./src/main.o
 .text.EMU_EnterEM1
                0x0000261c       0x20 ./src/main.o
 .text.setupOscillators
                0x0000263c       0x58 ./src/main.o
                0x0000263c                setupOscillators
 .text.enableI2cSlaveInterrupts
                0x00002694       0x24 ./src/main.o
                0x00002694                enableI2cSlaveInterrupts
 .text.disableI2cInterrupts
                0x000026b8       0x24 ./src/main.o
                0x000026b8                disableI2cInterrupts
 .text.setupI2C
                0x000026dc       0x88 ./src/main.o
                0x000026dc                setupI2C
 .text.receiveI2CData
                0x00002764       0x1c ./src/main.o
                0x00002764                receiveI2CData
 .text.performI2CTransfer
                0x00002780       0x64 ./src/main.o
                0x00002780                performI2CTransfer
 .text.setupRTC
                0x000027e4       0x54 ./src/main.o
                0x000027e4                setupRTC
 .text.main     0x00002838       0xb4 ./src/main.o
                0x00002838                main
 .text.RTC_IRQHandler
                0x000028ec       0x30 ./src/main.o
                0x000028ec                RTC_IRQHandler
 .text.I2C1_IRQHandler
                0x0000291c       0x88 ./src/main.o
                0x0000291c                I2C1_IRQHandler
 .text.ITM_SendChar
                0x000029a4       0x50 ./src/makePrintfWork.o
 .text._write   0x000029f4       0x38 ./src/makePrintfWork.o
                0x000029f4                _write
 .text.SWO_SetupForPrint
                0x00002a2c       0xf4 ./src/makePrintfWork.o
                0x00002a2c                SWO_SetupForPrint
 .text.exit     0x00002b20       0x28 c:/siliconlabs/simplicitystudio/v4/developer/toolchains/gnu_arm/4.9_2015q3/bin/../lib/gcc/arm-none-eabi/4.9.3/../../../../arm-none-eabi/lib/armv7-m\libc_nano.a(lib_a-exit.o)
                0x00002b20                exit
 .text.__libc_init_array
                0x00002b48       0x4c c:/siliconlabs/simplicitystudio/v4/developer/toolchains/gnu_arm/4.9_2015q3/bin/../lib/gcc/arm-none-eabi/4.9.3/../../../../arm-none-eabi/lib/armv7-m\libc_nano.a(lib_a-init.o)
                0x00002b48                __libc_init_array
 .text.memset   0x00002b94       0x10 c:/siliconlabs/simplicitystudio/v4/developer/toolchains/gnu_arm/4.9_2015q3/bin/../lib/gcc/arm-none-eabi/4.9.3/../../../../arm-none-eabi/lib/armv7-m\libc_nano.a(lib_a-memset.o)
                0x00002b94                memset
 .text.printf   0x00002ba4       0x30 c:/siliconlabs/simplicitystudio/v4/developer/toolchains/gnu_arm/4.9_2015q3/bin/../lib/gcc/arm-none-eabi/4.9.3/../../../../arm-none-eabi/lib/armv7-m\libc_nano.a(lib_a-printf.o)
                0x00002ba4                iprintf
                0x00002ba4                printf
 .text._cleanup_r
                0x00002bd4        0xc c:/siliconlabs/simplicitystudio/v4/developer/toolchains/gnu_arm/4.9_2015q3/bin/../lib/gcc/arm-none-eabi/4.9.3/../../../../arm-none-eabi/lib/armv7-m\libc_nano.a(lib_a-findfp.o)
                0x00002bd4                _cleanup_r
 .text.std.isra.0
                0x00002be0       0x48 c:/siliconlabs/simplicitystudio/v4/developer/toolchains/gnu_arm/4.9_2015q3/bin/../lib/gcc/arm-none-eabi/4.9.3/../../../../arm-none-eabi/lib/armv7-m\libc_nano.a(lib_a-findfp.o)
 .text.__sfmoreglue
                0x00002c28       0x2c c:/siliconlabs/simplicitystudio/v4/developer/toolchains/gnu_arm/4.9_2015q3/bin/../lib/gcc/arm-none-eabi/4.9.3/../../../../arm-none-eabi/lib/armv7-m\libc_nano.a(lib_a-findfp.o)
                0x00002c28                __sfmoreglue
 .text.__sinit  0x00002c54       0x60 c:/siliconlabs/simplicitystudio/v4/developer/toolchains/gnu_arm/4.9_2015q3/bin/../lib/gcc/arm-none-eabi/4.9.3/../../../../arm-none-eabi/lib/armv7-m\libc_nano.a(lib_a-findfp.o)
                0x00002c54                __sinit
 .text.__sfp    0x00002cb4       0x74 c:/siliconlabs/simplicitystudio/v4/developer/toolchains/gnu_arm/4.9_2015q3/bin/../lib/gcc/arm-none-eabi/4.9.3/../../../../arm-none-eabi/lib/armv7-m\libc_nano.a(lib_a-findfp.o)
                0x00002cb4                __sfp
 .text._fwalk_reent
                0x00002d28       0x3c c:/siliconlabs/simplicitystudio/v4/developer/toolchains/gnu_arm/4.9_2015q3/bin/../lib/gcc/arm-none-eabi/4.9.3/../../../../arm-none-eabi/lib/armv7-m\libc_nano.a(lib_a-fwalk.o)
                0x00002d28                _fwalk_reent
 .text._malloc_r
                0x00002d64       0xac c:/siliconlabs/simplicitystudio/v4/developer/toolchains/gnu_arm/4.9_2015q3/bin/../lib/gcc/arm-none-eabi/4.9.3/../../../../arm-none-eabi/lib/armv7-m\libc_nano.a(lib_a-nano-mallocr.o)
                0x00002d64                _malloc_r
 .text.__sfputc_r
                0x00002e10       0x2c c:/siliconlabs/simplicitystudio/v4/developer/toolchains/gnu_arm/4.9_2015q3/bin/../lib/gcc/arm-none-eabi/4.9.3/../../../../arm-none-eabi/lib/armv7-m\libc_nano.a(lib_a-nano-vfprintf.o)
 .text.__sfputs_r
                0x00002e3c       0x24 c:/siliconlabs/simplicitystudio/v4/developer/toolchains/gnu_arm/4.9_2015q3/bin/../lib/gcc/arm-none-eabi/4.9.3/../../../../arm-none-eabi/lib/armv7-m\libc_nano.a(lib_a-nano-vfprintf.o)
                0x00002e3c                __sfputs_r
 .text._vfprintf_r
                0x00002e60      0x210 c:/siliconlabs/simplicitystudio/v4/developer/toolchains/gnu_arm/4.9_2015q3/bin/../lib/gcc/arm-none-eabi/4.9.3/../../../../arm-none-eabi/lib/armv7-m\libc_nano.a(lib_a-nano-vfprintf.o)
                0x00002e60                _vfprintf_r
                0x00002e60                _vfiprintf_r
 .text._printf_common
                0x00003070       0xea c:/siliconlabs/simplicitystudio/v4/developer/toolchains/gnu_arm/4.9_2015q3/bin/../lib/gcc/arm-none-eabi/4.9.3/../../../../arm-none-eabi/lib/armv7-m\libc_nano.a(lib_a-nano-vfprintf_i.o)
                0x00003070                _printf_common
 *fill*         0x0000315a        0x2 
 .text._printf_i
                0x0000315c      0x240 c:/siliconlabs/simplicitystudio/v4/developer/toolchains/gnu_arm/4.9_2015q3/bin/../lib/gcc/arm-none-eabi/4.9.3/../../../../arm-none-eabi/lib/armv7-m\libc_nano.a(lib_a-nano-vfprintf_i.o)
                0x0000315c                _printf_i
 .text._sbrk_r  0x0000339c       0x20 c:/siliconlabs/simplicitystudio/v4/developer/toolchains/gnu_arm/4.9_2015q3/bin/../lib/gcc/arm-none-eabi/4.9.3/../../../../arm-none-eabi/lib/armv7-m\libc_nano.a(lib_a-sbrkr.o)
                0x0000339c                _sbrk_r
 .text.__sread  0x000033bc       0x22 c:/siliconlabs/simplicitystudio/v4/developer/toolchains/gnu_arm/4.9_2015q3/bin/../lib/gcc/arm-none-eabi/4.9.3/../../../../arm-none-eabi/lib/armv7-m\libc_nano.a(lib_a-stdio.o)
                0x000033bc                __sread
 .text.__swrite
                0x000033de       0x38 c:/siliconlabs/simplicitystudio/v4/developer/toolchains/gnu_arm/4.9_2015q3/bin/../lib/gcc/arm-none-eabi/4.9.3/../../../../arm-none-eabi/lib/armv7-m\libc_nano.a(lib_a-stdio.o)
                0x000033de                __swrite
 .text.__sseek  0x00003416       0x24 c:/siliconlabs/simplicitystudio/v4/developer/toolchains/gnu_arm/4.9_2015q3/bin/../lib/gcc/arm-none-eabi/4.9.3/../../../../arm-none-eabi/lib/armv7-m\libc_nano.a(lib_a-stdio.o)
                0x00003416                __sseek
 .text.__sclose
                0x0000343a        0x8 c:/siliconlabs/simplicitystudio/v4/developer/toolchains/gnu_arm/4.9_2015q3/bin/../lib/gcc/arm-none-eabi/4.9.3/../../../../arm-none-eabi/lib/armv7-m\libc_nano.a(lib_a-stdio.o)
                0x0000343a                __sclose
 *fill*         0x00003442        0x2 
 .text.__swbuf_r
                0x00003444       0xa8 c:/siliconlabs/simplicitystudio/v4/developer/toolchains/gnu_arm/4.9_2015q3/bin/../lib/gcc/arm-none-eabi/4.9.3/../../../../arm-none-eabi/lib/armv7-m\libc_nano.a(lib_a-wbuf.o)
                0x00003444                __swbuf_r
 .text._write_r
                0x000034ec       0x24 c:/siliconlabs/simplicitystudio/v4/developer/toolchains/gnu_arm/4.9_2015q3/bin/../lib/gcc/arm-none-eabi/4.9.3/../../../../arm-none-eabi/lib/armv7-m\libc_nano.a(lib_a-writer.o)
                0x000034ec                _write_r
 .text.__swsetup_r
                0x00003510       0xd8 c:/siliconlabs/simplicitystudio/v4/developer/toolchains/gnu_arm/4.9_2015q3/bin/../lib/gcc/arm-none-eabi/4.9.3/../../../../arm-none-eabi/lib/armv7-m\libc_nano.a(lib_a-wsetup.o)
                0x00003510                __swsetup_r
 .text._close_r
                0x000035e8       0x20 c:/siliconlabs/simplicitystudio/v4/developer/toolchains/gnu_arm/4.9_2015q3/bin/../lib/gcc/arm-none-eabi/4.9.3/../../../../arm-none-eabi/lib/armv7-m\libc_nano.a(lib_a-closer.o)
                0x000035e8                _close_r
 .text.__sflush_r
                0x00003608      0x106 c:/siliconlabs/simplicitystudio/v4/developer/toolchains/gnu_arm/4.9_2015q3/bin/../lib/gcc/arm-none-eabi/4.9.3/../../../../arm-none-eabi/lib/armv7-m\libc_nano.a(lib_a-fflush.o)
                0x00003608                __sflush_r
 *fill*         0x0000370e        0x2 
 .text._fflush_r
                0x00003710       0x54 c:/siliconlabs/simplicitystudio/v4/developer/toolchains/gnu_arm/4.9_2015q3/bin/../lib/gcc/arm-none-eabi/4.9.3/../../../../arm-none-eabi/lib/armv7-m\libc_nano.a(lib_a-fflush.o)
                0x00003710                _fflush_r
 .text._lseek_r
                0x00003764       0x24 c:/siliconlabs/simplicitystudio/v4/developer/toolchains/gnu_arm/4.9_2015q3/bin/../lib/gcc/arm-none-eabi/4.9.3/../../../../arm-none-eabi/lib/armv7-m\libc_nano.a(lib_a-lseekr.o)
                0x00003764                _lseek_r
 .text.__smakebuf_r
                0x00003788       0x98 c:/siliconlabs/simplicitystudio/v4/developer/toolchains/gnu_arm/4.9_2015q3/bin/../lib/gcc/arm-none-eabi/4.9.3/../../../../arm-none-eabi/lib/armv7-m\libc_nano.a(lib_a-makebuf.o)
                0x00003788                __smakebuf_r
 .text.memchr   0x00003820       0x1c c:/siliconlabs/simplicitystudio/v4/developer/toolchains/gnu_arm/4.9_2015q3/bin/../lib/gcc/arm-none-eabi/4.9.3/../../../../arm-none-eabi/lib/armv7-m\libc_nano.a(lib_a-memchr.o)
                0x00003820                memchr
 .text._free_r  0x0000383c       0x88 c:/siliconlabs/simplicitystudio/v4/developer/toolchains/gnu_arm/4.9_2015q3/bin/../lib/gcc/arm-none-eabi/4.9.3/../../../../arm-none-eabi/lib/armv7-m\libc_nano.a(lib_a-nano-freer.o)
                0x0000383c                _free_r
 .text._read_r  0x000038c4       0x24 c:/siliconlabs/simplicitystudio/v4/developer/toolchains/gnu_arm/4.9_2015q3/bin/../lib/gcc/arm-none-eabi/4.9.3/../../../../arm-none-eabi/lib/armv7-m\libc_nano.a(lib_a-readr.o)
                0x000038c4                _read_r
 .text._fstat_r
                0x000038e8       0x24 c:/siliconlabs/simplicitystudio/v4/developer/toolchains/gnu_arm/4.9_2015q3/bin/../lib/gcc/arm-none-eabi/4.9.3/../../../../arm-none-eabi/lib/armv7-m\libc_nano.a(lib_a-fstatr.o)
                0x000038e8                _fstat_r
 .text._isatty_r
                0x0000390c       0x20 c:/siliconlabs/simplicitystudio/v4/developer/toolchains/gnu_arm/4.9_2015q3/bin/../lib/gcc/arm-none-eabi/4.9.3/../../../../arm-none-eabi/lib/armv7-m\libc_nano.a(lib_a-isattyr.o)
                0x0000390c                _isatty_r
 .text._close   0x0000392c       0x10 c:/siliconlabs/simplicitystudio/v4/developer/toolchains/gnu_arm/4.9_2015q3/bin/../lib/gcc/arm-none-eabi/4.9.3/../../../../arm-none-eabi/lib/armv7-m\libnosys.a(close.o)
                0x0000392c                _close
 .text._fstat   0x0000393c       0x10 c:/siliconlabs/simplicitystudio/v4/developer/toolchains/gnu_arm/4.9_2015q3/bin/../lib/gcc/arm-none-eabi/4.9.3/../../../../arm-none-eabi/lib/armv7-m\libnosys.a(fstat.o)
                0x0000393c                _fstat
 .text._isatty  0x0000394c       0x10 c:/siliconlabs/simplicitystudio/v4/developer/toolchains/gnu_arm/4.9_2015q3/bin/../lib/gcc/arm-none-eabi/4.9.3/../../../../arm-none-eabi/lib/armv7-m\libnosys.a(isatty.o)
                0x0000394c                _isatty
 .text._lseek   0x0000395c       0x10 c:/siliconlabs/simplicitystudio/v4/developer/toolchains/gnu_arm/4.9_2015q3/bin/../lib/gcc/arm-none-eabi/4.9.3/../../../../arm-none-eabi/lib/armv7-m\libnosys.a(lseek.o)
                0x0000395c                _lseek
 .text._read    0x0000396c       0x10 c:/siliconlabs/simplicitystudio/v4/developer/toolchains/gnu_arm/4.9_2015q3/bin/../lib/gcc/arm-none-eabi/4.9.3/../../../../arm-none-eabi/lib/armv7-m\libnosys.a(read.o)
                0x0000396c                _read
 .text._sbrk    0x0000397c       0x1c c:/siliconlabs/simplicitystudio/v4/developer/toolchains/gnu_arm/4.9_2015q3/bin/../lib/gcc/arm-none-eabi/4.9.3/../../../../arm-none-eabi/lib/armv7-m\libnosys.a(sbrk.o)
                0x0000397c                _sbrk
 .text._exit    0x00003998        0x4 c:/siliconlabs/simplicitystudio/v4/developer/toolchains/gnu_arm/4.9_2015q3/bin/../lib/gcc/arm-none-eabi/4.9.3/../../../../arm-none-eabi/lib/armv7-m\libnosys.a(_exit.o)
                0x00003998                _exit
 *(.init)
 .init          0x0000399c        0x4 c:/siliconlabs/simplicitystudio/v4/developer/toolchains/gnu_arm/4.9_2015q3/bin/../lib/gcc/arm-none-eabi/4.9.3/armv7-m/crti.o
                0x0000399c                _init
 .init          0x000039a0        0x8 c:/siliconlabs/simplicitystudio/v4/developer/toolchains/gnu_arm/4.9_2015q3/bin/../lib/gcc/arm-none-eabi/4.9.3/armv7-m/crtn.o
 *(.fini)
 .fini          0x000039a8        0x4 c:/siliconlabs/simplicitystudio/v4/developer/toolchains/gnu_arm/4.9_2015q3/bin/../lib/gcc/arm-none-eabi/4.9.3/armv7-m/crti.o
                0x000039a8                _fini
 .fini          0x000039ac        0x8 c:/siliconlabs/simplicitystudio/v4/developer/toolchains/gnu_arm/4.9_2015q3/bin/../lib/gcc/arm-none-eabi/4.9.3/armv7-m/crtn.o
 *crtbegin.o(.ctors)
 *crtbegin?.o(.ctors)
 *(EXCLUDE_FILE(*crtend.o *crtend?.o) .ctors)
 *(SORT(.ctors.*))
 *(.ctors)
 *crtbegin.o(.dtors)
 *crtbegin?.o(.dtors)
 *(EXCLUDE_FILE(*crtend.o *crtend?.o) .dtors)
 *(SORT(.dtors.*))
 *(.dtors)
 *(.rodata*)
 .rodata        0x000039b4       0x21 ./FreeRTOS/efm32gg/tasks.o
 *fill*         0x000039d5        0x3 
 .rodata        0x000039d8       0x7c ./emlib/em_burtc.o
 .rodata        0x00003a54       0x76 ./emlib/em_cmu.o
 *fill*         0x00003aca        0x2 
 .rodata        0x00003acc       0x77 ./emlib/em_gpio.o
 *fill*         0x00003b43        0x1 
 .rodata.i2cNSum
                0x00003b44        0x4 ./emlib/em_i2c.o
 .rodata        0x00003b48       0x12 ./emlib/em_i2c.o
 *fill*         0x00003b5a        0x2 
 .rodata        0x00003b5c       0x12 ./emlib/em_rtc.o
 *fill*         0x00003b6e        0x2 
 .rodata        0x00003b70       0x15 ./emlib/em_system.o
 *fill*         0x00003b85        0x3 
 .rodata        0x00003b88       0x7c ./src/low_power_tick_management.o
 .rodata        0x00003c04       0x7c ./src/main.o
 .rodata._ctype_
                0x00003c80      0x101 c:/siliconlabs/simplicitystudio/v4/developer/toolchains/gnu_arm/4.9_2015q3/bin/../lib/gcc/arm-none-eabi/4.9.3/../../../../arm-none-eabi/lib/armv7-m\libc_nano.a(lib_a-ctype_.o)
                0x00003c80                _ctype_
 .rodata.str1.1
                0x00003d81        0x2 c:/siliconlabs/simplicitystudio/v4/developer/toolchains/gnu_arm/4.9_2015q3/bin/../lib/gcc/arm-none-eabi/4.9.3/../../../../arm-none-eabi/lib/armv7-m\libc_nano.a(lib_a-impure.o)
 *fill*         0x00003d83        0x1 
 .rodata._global_impure_ptr
                0x00003d84        0x4 c:/siliconlabs/simplicitystudio/v4/developer/toolchains/gnu_arm/4.9_2015q3/bin/../lib/gcc/arm-none-eabi/4.9.3/../../../../arm-none-eabi/lib/armv7-m\libc_nano.a(lib_a-impure.o)
                0x00003d84                _global_impure_ptr
 .rodata.__sf_fake_stdin
                0x00003d88       0x20 c:/siliconlabs/simplicitystudio/v4/developer/toolchains/gnu_arm/4.9_2015q3/bin/../lib/gcc/arm-none-eabi/4.9.3/../../../../arm-none-eabi/lib/armv7-m\libc_nano.a(lib_a-findfp.o)
                0x00003d88                __sf_fake_stdin
 .rodata.__sf_fake_stdout
                0x00003da8       0x20 c:/siliconlabs/simplicitystudio/v4/developer/toolchains/gnu_arm/4.9_2015q3/bin/../lib/gcc/arm-none-eabi/4.9.3/../../../../arm-none-eabi/lib/armv7-m\libc_nano.a(lib_a-findfp.o)
                0x00003da8                __sf_fake_stdout
 .rodata.__sf_fake_stderr
                0x00003dc8       0x20 c:/siliconlabs/simplicitystudio/v4/developer/toolchains/gnu_arm/4.9_2015q3/bin/../lib/gcc/arm-none-eabi/4.9.3/../../../../arm-none-eabi/lib/armv7-m\libc_nano.a(lib_a-findfp.o)
                0x00003dc8                __sf_fake_stderr
 .rodata.str1.1
                0x00003de8       0x11 c:/siliconlabs/simplicitystudio/v4/developer/toolchains/gnu_arm/4.9_2015q3/bin/../lib/gcc/arm-none-eabi/4.9.3/../../../../arm-none-eabi/lib/armv7-m\libc_nano.a(lib_a-nano-vfprintf.o)
 .rodata.str1.1
                0x00003df9       0x22 c:/siliconlabs/simplicitystudio/v4/developer/toolchains/gnu_arm/4.9_2015q3/bin/../lib/gcc/arm-none-eabi/4.9.3/../../../../arm-none-eabi/lib/armv7-m\libc_nano.a(lib_a-nano-vfprintf_i.o)
 *(.eh_frame*)
 *fill*         0x00003e1b        0x1 
 .eh_frame      0x00003e1c        0x0 c:/siliconlabs/simplicitystudio/v4/developer/toolchains/gnu_arm/4.9_2015q3/bin/../lib/gcc/arm-none-eabi/4.9.3/armv7-m/crtbegin.o
 .eh_frame      0x00003e1c        0x4 c:/siliconlabs/simplicitystudio/v4/developer/toolchains/gnu_arm/4.9_2015q3/bin/../lib/gcc/arm-none-eabi/4.9.3/armv7-m/crtend.o

.glue_7         0x00003e20        0x0
 .glue_7        0x00000000        0x0 linker stubs

.glue_7t        0x00003e20        0x0
 .glue_7t       0x00000000        0x0 linker stubs

.vfp11_veneer   0x00003e20        0x0
 .vfp11_veneer  0x00000000        0x0 linker stubs

.v4_bx          0x00003e20        0x0
 .v4_bx         0x00000000        0x0 linker stubs

.iplt           0x00003e20        0x0
 .iplt          0x00000000        0x0 c:/siliconlabs/simplicitystudio/v4/developer/toolchains/gnu_arm/4.9_2015q3/bin/../lib/gcc/arm-none-eabi/4.9.3/armv7-m/crtbegin.o

.ARM.extab
 *(.ARM.extab* .gnu.linkonce.armextab.*)
                0x00003e20                __exidx_start = .

.ARM.exidx      0x00003e20        0x8
 *(.ARM.exidx* .gnu.linkonce.armexidx.*)
 .ARM.exidx     0x00003e20        0x8 c:/siliconlabs/simplicitystudio/v4/developer/toolchains/gnu_arm/4.9_2015q3/bin/../lib/gcc/arm-none-eabi/4.9.3/../../../../arm-none-eabi/lib/armv7-m/crt0.o
                0x00003e28                __exidx_end = .
                0x00003e28                __etext = .

.rel.dyn        0x00003e28        0x0
 .rel.iplt      0x00000000        0x0 c:/siliconlabs/simplicitystudio/v4/developer/toolchains/gnu_arm/4.9_2015q3/bin/../lib/gcc/arm-none-eabi/4.9.3/armv7-m/crtbegin.o

.data           0x20000000       0x98 load address 0x00003e28
                0x20000000                __data_start__ = .
 *(vtable)
 *(.data*)
 .data.SystemHFXOClock
                0x20000000        0x4 ./CMSIS/EFM32GG/system_efm32gg.o
 .data.SystemLFXOClock
                0x20000004        0x4 ./CMSIS/EFM32GG/system_efm32gg.o
 .data.SystemCoreClock
                0x20000008        0x4 ./CMSIS/EFM32GG/system_efm32gg.o
                0x20000008                SystemCoreClock
 .data.i2c_txBuffer
                0x2000000c       0x14 ./src/main.o
                0x2000000c                i2c_txBuffer
 .data.i2c_txBufferSize
                0x20000020        0x1 ./src/main.o
                0x20000020                i2c_txBufferSize
 *fill*         0x20000021        0x3 
 .data.__ctype_ptr__
                0x20000024        0x4 c:/siliconlabs/simplicitystudio/v4/developer/toolchains/gnu_arm/4.9_2015q3/bin/../lib/gcc/arm-none-eabi/4.9.3/../../../../arm-none-eabi/lib/armv7-m\libc_nano.a(lib_a-ctype_.o)
                0x20000024                __ctype_ptr__
 .data.impure_data
                0x20000028       0x60 c:/siliconlabs/simplicitystudio/v4/developer/toolchains/gnu_arm/4.9_2015q3/bin/../lib/gcc/arm-none-eabi/4.9.3/../../../../arm-none-eabi/lib/armv7-m\libc_nano.a(lib_a-impure.o)
 .data._impure_ptr
                0x20000088        0x4 c:/siliconlabs/simplicitystudio/v4/developer/toolchains/gnu_arm/4.9_2015q3/bin/../lib/gcc/arm-none-eabi/4.9.3/../../../../arm-none-eabi/lib/armv7-m\libc_nano.a(lib_a-impure.o)
                0x20000088                _impure_ptr
                0x2000008c                . = ALIGN (0x4)
 *(.ram)
                0x2000008c                . = ALIGN (0x4)
                0x2000008c                PROVIDE (__preinit_array_start, .)
 *(.preinit_array)
                0x2000008c                PROVIDE (__preinit_array_end, .)
                0x2000008c                . = ALIGN (0x4)
                0x2000008c                PROVIDE (__init_array_start, .)
 *(SORT(.init_array.*))
 *(.init_array)
 .init_array    0x2000008c        0x4 c:/siliconlabs/simplicitystudio/v4/developer/toolchains/gnu_arm/4.9_2015q3/bin/../lib/gcc/arm-none-eabi/4.9.3/armv7-m/crtbegin.o
                0x20000090                PROVIDE (__init_array_end, .)
                0x20000090                . = ALIGN (0x4)
                0x20000090                PROVIDE (__fini_array_start, .)
 *(SORT(.fini_array.*))
 *(.fini_array)
 .fini_array    0x20000090        0x4 c:/siliconlabs/simplicitystudio/v4/developer/toolchains/gnu_arm/4.9_2015q3/bin/../lib/gcc/arm-none-eabi/4.9.3/armv7-m/crtbegin.o
                0x20000094                PROVIDE (__fini_array_end, .)
 *(.jcr*)
 .jcr           0x20000094        0x0 c:/siliconlabs/simplicitystudio/v4/developer/toolchains/gnu_arm/4.9_2015q3/bin/../lib/gcc/arm-none-eabi/4.9.3/armv7-m/crtbegin.o
 .jcr           0x20000094        0x4 c:/siliconlabs/simplicitystudio/v4/developer/toolchains/gnu_arm/4.9_2015q3/bin/../lib/gcc/arm-none-eabi/4.9.3/armv7-m/crtend.o
                0x20000098                . = ALIGN (0x4)
                0x20000098                __data_end__ = .

.igot.plt       0x20000098        0x0 load address 0x00003ec0
 .igot.plt      0x00000000        0x0 c:/siliconlabs/simplicitystudio/v4/developer/toolchains/gnu_arm/4.9_2015q3/bin/../lib/gcc/arm-none-eabi/4.9.3/armv7-m/crtbegin.o

.bss            0x20000098       0xc0 load address 0x00003ec0
                0x20000098                . = ALIGN (0x4)
                0x20000098                __bss_start__ = .
 *(.bss*)
 .bss           0x20000098       0x1c c:/siliconlabs/simplicitystudio/v4/developer/toolchains/gnu_arm/4.9_2015q3/bin/../lib/gcc/arm-none-eabi/4.9.3/armv7-m/crtbegin.o
 .bss.pxCurrentTCB
                0x200000b4        0x4 ./FreeRTOS/efm32gg/tasks.o
                0x200000b4                pxCurrentTCB
 .bss.pxReadyTasksLists
                0x200000b8       0x3c ./FreeRTOS/efm32gg/tasks.o
 .bss.pxDelayedTaskList
                0x200000f4        0x4 ./FreeRTOS/efm32gg/tasks.o
 .bss.pxOverflowDelayedTaskList
                0x200000f8        0x4 ./FreeRTOS/efm32gg/tasks.o
 .bss.xTickCount
                0x200000fc        0x4 ./FreeRTOS/efm32gg/tasks.o
 .bss.uxTopReadyPriority
                0x20000100        0x4 ./FreeRTOS/efm32gg/tasks.o
 .bss.uxPendedTicks
                0x20000104        0x4 ./FreeRTOS/efm32gg/tasks.o
 .bss.xYieldPending
                0x20000108        0x4 ./FreeRTOS/efm32gg/tasks.o
 .bss.xNumOfOverflows
                0x2000010c        0x4 ./FreeRTOS/efm32gg/tasks.o
 .bss.xNextTaskUnblockTime
                0x20000110        0x4 ./FreeRTOS/efm32gg/tasks.o
 .bss.uxSchedulerSuspended
                0x20000114        0x4 ./FreeRTOS/efm32gg/tasks.o
 .bss.cmuStatus.5509
                0x20000118        0x4 ./emlib/em_emu.o
 .bss.hfClock.5510
                0x2000011c        0x1 ./emlib/em_emu.o
 *fill*         0x2000011d        0x3 
 .bss.i2cTransfer
                0x20000120       0x18 ./emlib/em_i2c.o
 .bss.__malloc_sbrk_start
                0x20000138        0x4 c:/siliconlabs/simplicitystudio/v4/developer/toolchains/gnu_arm/4.9_2015q3/bin/../lib/gcc/arm-none-eabi/4.9.3/../../../../arm-none-eabi/lib/armv7-m\libc_nano.a(lib_a-nano-mallocr.o)
                0x20000138                __malloc_sbrk_start
 .bss.__malloc_free_list
                0x2000013c        0x4 c:/siliconlabs/simplicitystudio/v4/developer/toolchains/gnu_arm/4.9_2015q3/bin/../lib/gcc/arm-none-eabi/4.9.3/../../../../arm-none-eabi/lib/armv7-m\libc_nano.a(lib_a-nano-mallocr.o)
                0x2000013c                __malloc_free_list
 .bss.heap_end.4079
                0x20000140        0x4 c:/siliconlabs/simplicitystudio/v4/developer/toolchains/gnu_arm/4.9_2015q3/bin/../lib/gcc/arm-none-eabi/4.9.3/../../../../arm-none-eabi/lib/armv7-m\libnosys.a(sbrk.o)
 *(COMMON)
 COMMON         0x20000144        0xe ./src/main.o
                0x20000144                i2c_rxBufferIndex
                0x20000145                i2c_rxInProgress
                0x20000146                i2c_startTx
                0x20000148                i2c_rxBuffer
 *fill*         0x20000152        0x2 
 COMMON         0x20000154        0x4 c:/siliconlabs/simplicitystudio/v4/developer/toolchains/gnu_arm/4.9_2015q3/bin/../lib/gcc/arm-none-eabi/4.9.3/../../../../arm-none-eabi/lib/armv7-m\libc_nano.a(lib_a-reent.o)
                0x20000154                errno
                0x20000158                . = ALIGN (0x4)
                0x20000158                __bss_end__ = .

.heap           0x20000158      0xc00
                0x20000158                __HeapBase = .
                0x20000158                __end__ = .
                0x20000158                end = __end__
                0x20000158                _end = __end__
 *(.heap*)
 .heap          0x20000158      0xc00 ./CMSIS/EFM32GG/startup_gcc_efm32gg.o
                0x20000d58                __HeapLimit = .

.stack_dummy    0x20000158      0x400
 *(.stack*)
 .stack         0x20000158      0x400 ./CMSIS/EFM32GG/startup_gcc_efm32gg.o
                0x20020000                __StackTop = (ORIGIN (RAM) + 0x20000)
                0x2001fc00                __StackLimit = (__StackTop - SIZEOF (.stack_dummy))
                0x20020000                PROVIDE (__stack, __StackTop)
                0x00000001                ASSERT ((__StackLimit >= __HeapLimit), region RAM overflowed with stack)
                0x00000001                ASSERT ((0x100000 >= (__etext + SIZEOF (.data))), FLASH memory overflowed !)
OUTPUT(STK3700_freertos_blink_2.axf elf32-littlearm)

.ARM.attributes
                0x00000000       0x29
 .ARM.attributes
                0x00000000       0x1d c:/siliconlabs/simplicitystudio/v4/developer/toolchains/gnu_arm/4.9_2015q3/bin/../lib/gcc/arm-none-eabi/4.9.3/armv7-m/crti.o
 .ARM.attributes
                0x0000001d       0x2d c:/siliconlabs/simplicitystudio/v4/developer/toolchains/gnu_arm/4.9_2015q3/bin/../lib/gcc/arm-none-eabi/4.9.3/armv7-m/crtbegin.o
 .ARM.attributes
                0x0000004a       0x1b c:/siliconlabs/simplicitystudio/v4/developer/toolchains/gnu_arm/4.9_2015q3/bin/../lib/gcc/arm-none-eabi/4.9.3/../../../../arm-none-eabi/lib/armv7-m/crt0.o
 .ARM.attributes
                0x00000065       0x1b ./CMSIS/EFM32GG/startup_gcc_efm32gg.o
 .ARM.attributes
                0x00000080       0x33 ./CMSIS/EFM32GG/system_efm32gg.o
 .ARM.attributes
                0x000000b3       0x33 ./FreeRTOS/efm32gg/list.o
 .ARM.attributes
                0x000000e6       0x33 ./FreeRTOS/efm32gg/port_gcc.o
 .ARM.attributes
                0x00000119       0x33 ./FreeRTOS/efm32gg/tasks.o
 .ARM.attributes
                0x0000014c       0x33 ./emlib/em_assert.o
 .ARM.attributes
                0x0000017f       0x33 ./emlib/em_burtc.o
 .ARM.attributes
                0x000001b2       0x33 ./emlib/em_cmu.o
 .ARM.attributes
                0x000001e5       0x33 ./emlib/em_emu.o
 .ARM.attributes
                0x00000218       0x33 ./emlib/em_gpio.o
 .ARM.attributes
                0x0000024b       0x33 ./emlib/em_i2c.o
 .ARM.attributes
                0x0000027e       0x33 ./emlib/em_rtc.o
 .ARM.attributes
                0x000002b1       0x33 ./emlib/em_system.o
 .ARM.attributes
                0x000002e4       0x33 ./src/low_power_tick_management.o
 .ARM.attributes
                0x00000317       0x33 ./src/main.o
 .ARM.attributes
                0x0000034a       0x33 ./src/makePrintfWork.o
 .ARM.attributes
                0x0000037d       0x2d c:/siliconlabs/simplicitystudio/v4/developer/toolchains/gnu_arm/4.9_2015q3/bin/../lib/gcc/arm-none-eabi/4.9.3/../../../../arm-none-eabi/lib/armv7-m\libc_nano.a(lib_a-ctype_.o)
 .ARM.attributes
                0x000003aa       0x2d c:/siliconlabs/simplicitystudio/v4/developer/toolchains/gnu_arm/4.9_2015q3/bin/../lib/gcc/arm-none-eabi/4.9.3/../../../../arm-none-eabi/lib/armv7-m\libc_nano.a(lib_a-exit.o)
 .ARM.attributes
                0x000003d7       0x2d c:/siliconlabs/simplicitystudio/v4/developer/toolchains/gnu_arm/4.9_2015q3/bin/../lib/gcc/arm-none-eabi/4.9.3/../../../../arm-none-eabi/lib/armv7-m\libc_nano.a(lib_a-impure.o)
 .ARM.attributes
                0x00000404       0x2d c:/siliconlabs/simplicitystudio/v4/developer/toolchains/gnu_arm/4.9_2015q3/bin/../lib/gcc/arm-none-eabi/4.9.3/../../../../arm-none-eabi/lib/armv7-m\libc_nano.a(lib_a-init.o)
 .ARM.attributes
                0x00000431       0x2d c:/siliconlabs/simplicitystudio/v4/developer/toolchains/gnu_arm/4.9_2015q3/bin/../lib/gcc/arm-none-eabi/4.9.3/../../../../arm-none-eabi/lib/armv7-m\libc_nano.a(lib_a-memset.o)
 .ARM.attributes
                0x0000045e       0x2d c:/siliconlabs/simplicitystudio/v4/developer/toolchains/gnu_arm/4.9_2015q3/bin/../lib/gcc/arm-none-eabi/4.9.3/../../../../arm-none-eabi/lib/armv7-m\libc_nano.a(lib_a-printf.o)
 .ARM.attributes
                0x0000048b       0x2d c:/siliconlabs/simplicitystudio/v4/developer/toolchains/gnu_arm/4.9_2015q3/bin/../lib/gcc/arm-none-eabi/4.9.3/../../../../arm-none-eabi/lib/armv7-m\libc_nano.a(lib_a-findfp.o)
 .ARM.attributes
                0x000004b8       0x2d c:/siliconlabs/simplicitystudio/v4/developer/toolchains/gnu_arm/4.9_2015q3/bin/../lib/gcc/arm-none-eabi/4.9.3/../../../../arm-none-eabi/lib/armv7-m\libc_nano.a(lib_a-fwalk.o)
 .ARM.attributes
                0x000004e5       0x2d c:/siliconlabs/simplicitystudio/v4/developer/toolchains/gnu_arm/4.9_2015q3/bin/../lib/gcc/arm-none-eabi/4.9.3/../../../../arm-none-eabi/lib/armv7-m\libc_nano.a(lib_a-nano-mallocr.o)
 .ARM.attributes
                0x00000512       0x2d c:/siliconlabs/simplicitystudio/v4/developer/toolchains/gnu_arm/4.9_2015q3/bin/../lib/gcc/arm-none-eabi/4.9.3/../../../../arm-none-eabi/lib/armv7-m\libc_nano.a(lib_a-nano-vfprintf.o)
 .ARM.attributes
                0x0000053f       0x2d c:/siliconlabs/simplicitystudio/v4/developer/toolchains/gnu_arm/4.9_2015q3/bin/../lib/gcc/arm-none-eabi/4.9.3/../../../../arm-none-eabi/lib/armv7-m\libc_nano.a(lib_a-nano-vfprintf_i.o)
 .ARM.attributes
                0x0000056c       0x2d c:/siliconlabs/simplicitystudio/v4/developer/toolchains/gnu_arm/4.9_2015q3/bin/../lib/gcc/arm-none-eabi/4.9.3/../../../../arm-none-eabi/lib/armv7-m\libc_nano.a(lib_a-sbrkr.o)
 .ARM.attributes
                0x00000599       0x2d c:/siliconlabs/simplicitystudio/v4/developer/toolchains/gnu_arm/4.9_2015q3/bin/../lib/gcc/arm-none-eabi/4.9.3/../../../../arm-none-eabi/lib/armv7-m\libc_nano.a(lib_a-stdio.o)
 .ARM.attributes
                0x000005c6       0x2d c:/siliconlabs/simplicitystudio/v4/developer/toolchains/gnu_arm/4.9_2015q3/bin/../lib/gcc/arm-none-eabi/4.9.3/../../../../arm-none-eabi/lib/armv7-m\libc_nano.a(lib_a-wbuf.o)
 .ARM.attributes
                0x000005f3       0x2d c:/siliconlabs/simplicitystudio/v4/developer/toolchains/gnu_arm/4.9_2015q3/bin/../lib/gcc/arm-none-eabi/4.9.3/../../../../arm-none-eabi/lib/armv7-m\libc_nano.a(lib_a-writer.o)
 .ARM.attributes
                0x00000620       0x2d c:/siliconlabs/simplicitystudio/v4/developer/toolchains/gnu_arm/4.9_2015q3/bin/../lib/gcc/arm-none-eabi/4.9.3/../../../../arm-none-eabi/lib/armv7-m\libc_nano.a(lib_a-wsetup.o)
 .ARM.attributes
                0x0000064d       0x2d c:/siliconlabs/simplicitystudio/v4/developer/toolchains/gnu_arm/4.9_2015q3/bin/../lib/gcc/arm-none-eabi/4.9.3/../../../../arm-none-eabi/lib/armv7-m\libc_nano.a(lib_a-closer.o)
 .ARM.attributes
                0x0000067a       0x2d c:/siliconlabs/simplicitystudio/v4/developer/toolchains/gnu_arm/4.9_2015q3/bin/../lib/gcc/arm-none-eabi/4.9.3/../../../../arm-none-eabi/lib/armv7-m\libc_nano.a(lib_a-fflush.o)
 .ARM.attributes
                0x000006a7       0x2d c:/siliconlabs/simplicitystudio/v4/developer/toolchains/gnu_arm/4.9_2015q3/bin/../lib/gcc/arm-none-eabi/4.9.3/../../../../arm-none-eabi/lib/armv7-m\libc_nano.a(lib_a-lseekr.o)
 .ARM.attributes
                0x000006d4       0x2d c:/siliconlabs/simplicitystudio/v4/developer/toolchains/gnu_arm/4.9_2015q3/bin/../lib/gcc/arm-none-eabi/4.9.3/../../../../arm-none-eabi/lib/armv7-m\libc_nano.a(lib_a-makebuf.o)
 .ARM.attributes
                0x00000701       0x2d c:/siliconlabs/simplicitystudio/v4/developer/toolchains/gnu_arm/4.9_2015q3/bin/../lib/gcc/arm-none-eabi/4.9.3/../../../../arm-none-eabi/lib/armv7-m\libc_nano.a(lib_a-memchr.o)
 .ARM.attributes
                0x0000072e       0x2d c:/siliconlabs/simplicitystudio/v4/developer/toolchains/gnu_arm/4.9_2015q3/bin/../lib/gcc/arm-none-eabi/4.9.3/../../../../arm-none-eabi/lib/armv7-m\libc_nano.a(lib_a-nano-freer.o)
 .ARM.attributes
                0x0000075b       0x2d c:/siliconlabs/simplicitystudio/v4/developer/toolchains/gnu_arm/4.9_2015q3/bin/../lib/gcc/arm-none-eabi/4.9.3/../../../../arm-none-eabi/lib/armv7-m\libc_nano.a(lib_a-readr.o)
 .ARM.attributes
                0x00000788       0x2d c:/siliconlabs/simplicitystudio/v4/developer/toolchains/gnu_arm/4.9_2015q3/bin/../lib/gcc/arm-none-eabi/4.9.3/../../../../arm-none-eabi/lib/armv7-m\libc_nano.a(lib_a-reent.o)
 .ARM.attributes
                0x000007b5       0x2d c:/siliconlabs/simplicitystudio/v4/developer/toolchains/gnu_arm/4.9_2015q3/bin/../lib/gcc/arm-none-eabi/4.9.3/../../../../arm-none-eabi/lib/armv7-m\libc_nano.a(lib_a-fstatr.o)
 .ARM.attributes
                0x000007e2       0x2d c:/siliconlabs/simplicitystudio/v4/developer/toolchains/gnu_arm/4.9_2015q3/bin/../lib/gcc/arm-none-eabi/4.9.3/../../../../arm-none-eabi/lib/armv7-m\libc_nano.a(lib_a-isattyr.o)
 .ARM.attributes
                0x0000080f       0x2d c:/siliconlabs/simplicitystudio/v4/developer/toolchains/gnu_arm/4.9_2015q3/bin/../lib/gcc/arm-none-eabi/4.9.3/../../../../arm-none-eabi/lib/armv7-m\libnosys.a(close.o)
 .ARM.attributes
                0x0000083c       0x2d c:/siliconlabs/simplicitystudio/v4/developer/toolchains/gnu_arm/4.9_2015q3/bin/../lib/gcc/arm-none-eabi/4.9.3/../../../../arm-none-eabi/lib/armv7-m\libnosys.a(fstat.o)
 .ARM.attributes
                0x00000869       0x2d c:/siliconlabs/simplicitystudio/v4/developer/toolchains/gnu_arm/4.9_2015q3/bin/../lib/gcc/arm-none-eabi/4.9.3/../../../../arm-none-eabi/lib/armv7-m\libnosys.a(isatty.o)
 .ARM.attributes
                0x00000896       0x2d c:/siliconlabs/simplicitystudio/v4/developer/toolchains/gnu_arm/4.9_2015q3/bin/../lib/gcc/arm-none-eabi/4.9.3/../../../../arm-none-eabi/lib/armv7-m\libnosys.a(lseek.o)
 .ARM.attributes
                0x000008c3       0x2d c:/siliconlabs/simplicitystudio/v4/developer/toolchains/gnu_arm/4.9_2015q3/bin/../lib/gcc/arm-none-eabi/4.9.3/../../../../arm-none-eabi/lib/armv7-m\libnosys.a(read.o)
 .ARM.attributes
                0x000008f0       0x2d c:/siliconlabs/simplicitystudio/v4/developer/toolchains/gnu_arm/4.9_2015q3/bin/../lib/gcc/arm-none-eabi/4.9.3/../../../../arm-none-eabi/lib/armv7-m\libnosys.a(sbrk.o)
 .ARM.attributes
                0x0000091d       0x2d c:/siliconlabs/simplicitystudio/v4/developer/toolchains/gnu_arm/4.9_2015q3/bin/../lib/gcc/arm-none-eabi/4.9.3/../../../../arm-none-eabi/lib/armv7-m\libnosys.a(_exit.o)
 .ARM.attributes
                0x0000094a       0x2d c:/siliconlabs/simplicitystudio/v4/developer/toolchains/gnu_arm/4.9_2015q3/bin/../lib/gcc/arm-none-eabi/4.9.3/armv7-m/crtend.o
 .ARM.attributes
                0x00000977       0x1d c:/siliconlabs/simplicitystudio/v4/developer/toolchains/gnu_arm/4.9_2015q3/bin/../lib/gcc/arm-none-eabi/4.9.3/armv7-m/crtn.o

.comment        0x00000000       0x70
 .comment       0x00000000       0x70 ./CMSIS/EFM32GG/system_efm32gg.o
                                 0x71 (size before relaxing)
 .comment       0x00000000       0x71 ./FreeRTOS/efm32gg/list.o
 .comment       0x00000000       0x71 ./FreeRTOS/efm32gg/port_gcc.o
 .comment       0x00000000       0x71 ./FreeRTOS/efm32gg/tasks.o
 .comment       0x00000000       0x71 ./emlib/em_assert.o
 .comment       0x00000000       0x71 ./emlib/em_burtc.o
 .comment       0x00000000       0x71 ./emlib/em_cmu.o
 .comment       0x00000000       0x71 ./emlib/em_emu.o
 .comment       0x00000000       0x71 ./emlib/em_gpio.o
 .comment       0x00000000       0x71 ./emlib/em_i2c.o
 .comment       0x00000000       0x71 ./emlib/em_rtc.o
 .comment       0x00000000       0x71 ./emlib/em_system.o
 .comment       0x00000000       0x71 ./src/low_power_tick_management.o
 .comment       0x00000000       0x71 ./src/main.o
 .comment       0x00000000       0x71 ./src/makePrintfWork.o

.debug_line     0x00000000     0x48a6
 .debug_line    0x00000000       0x72 ./CMSIS/EFM32GG/startup_gcc_efm32gg.o
 .debug_line    0x00000072      0x32a ./CMSIS/EFM32GG/system_efm32gg.o
 .debug_line    0x0000039c      0x2b6 ./FreeRTOS/efm32gg/list.o
 .debug_line    0x00000652      0x39d ./FreeRTOS/efm32gg/port_gcc.o
 .debug_line    0x000009ef      0xbb9 ./FreeRTOS/efm32gg/tasks.o
 .debug_line    0x000015a8       0x4a ./emlib/em_assert.o
 .debug_line    0x000015f2      0x458 ./emlib/em_burtc.o
 .debug_line    0x00001a4a      0xad6 ./emlib/em_cmu.o
 .debug_line    0x00002520      0x5af ./emlib/em_emu.o
 .debug_line    0x00002acf      0x54d ./emlib/em_gpio.o
 .debug_line    0x0000301c      0x4a8 ./emlib/em_i2c.o
 .debug_line    0x000034c4      0x35f ./emlib/em_rtc.o
 .debug_line    0x00003823      0x2c7 ./emlib/em_system.o
 .debug_line    0x00003aea      0x488 ./src/low_power_tick_management.o
 .debug_line    0x00003f72      0x66b ./src/main.o
 .debug_line    0x000045dd      0x2c9 ./src/makePrintfWork.o

.debug_info     0x00000000     0x8d65
 .debug_info    0x00000000       0xa0 ./CMSIS/EFM32GG/startup_gcc_efm32gg.o
 .debug_info    0x000000a0      0x582 ./CMSIS/EFM32GG/system_efm32gg.o
 .debug_info    0x00000622      0x2d0 ./FreeRTOS/efm32gg/list.o
 .debug_info    0x000008f2      0x3e1 ./FreeRTOS/efm32gg/port_gcc.o
 .debug_info    0x00000cd3     0x164c ./FreeRTOS/efm32gg/tasks.o
 .debug_info    0x0000231f       0x7a ./emlib/em_assert.o
 .debug_info    0x00002399      0x62b ./emlib/em_burtc.o
 .debug_info    0x000029c4     0x1565 ./emlib/em_cmu.o
 .debug_info    0x00003f29     0x104b ./emlib/em_emu.o
 .debug_info    0x00004f74      0x65f ./emlib/em_gpio.o
 .debug_info    0x000055d3      0x86c ./emlib/em_i2c.o
 .debug_info    0x00005e3f      0x343 ./emlib/em_rtc.o
 .debug_info    0x00006182      0x276 ./emlib/em_system.o
 .debug_info    0x000063f8      0xbba ./src/low_power_tick_management.o
 .debug_info    0x00006fb2     0x1228 ./src/main.o
 .debug_info    0x000081da      0xb8b ./src/makePrintfWork.o

.debug_abbrev   0x00000000     0x1b76
 .debug_abbrev  0x00000000       0x14 ./CMSIS/EFM32GG/startup_gcc_efm32gg.o
 .debug_abbrev  0x00000014      0x16d ./CMSIS/EFM32GG/system_efm32gg.o
 .debug_abbrev  0x00000181       0xc0 ./FreeRTOS/efm32gg/list.o
 .debug_abbrev  0x00000241      0x1fa ./FreeRTOS/efm32gg/port_gcc.o
 .debug_abbrev  0x0000043b      0x28c ./FreeRTOS/efm32gg/tasks.o
 .debug_abbrev  0x000006c7       0x65 ./emlib/em_assert.o
 .debug_abbrev  0x0000072c      0x1da ./emlib/em_burtc.o
 .debug_abbrev  0x00000906      0x287 ./emlib/em_cmu.o
 .debug_abbrev  0x00000b8d      0x261 ./emlib/em_emu.o
 .debug_abbrev  0x00000dee      0x1c0 ./emlib/em_gpio.o
 .debug_abbrev  0x00000fae      0x23d ./emlib/em_i2c.o
 .debug_abbrev  0x000011eb      0x17e ./emlib/em_rtc.o
 .debug_abbrev  0x00001369      0x109 ./emlib/em_system.o
 .debug_abbrev  0x00001472      0x274 ./src/low_power_tick_management.o
 .debug_abbrev  0x000016e6      0x2d5 ./src/main.o
 .debug_abbrev  0x000019bb      0x1bb ./src/makePrintfWork.o

.debug_aranges  0x00000000      0x870
 .debug_aranges
                0x00000000       0x20 ./CMSIS/EFM32GG/startup_gcc_efm32gg.o
 .debug_aranges
                0x00000020       0x70 ./CMSIS/EFM32GG/system_efm32gg.o
 .debug_aranges
                0x00000090       0x40 ./FreeRTOS/efm32gg/list.o
 .debug_aranges
                0x000000d0       0x78 ./FreeRTOS/efm32gg/port_gcc.o
 .debug_aranges
                0x00000148      0x1a0 ./FreeRTOS/efm32gg/tasks.o
 .debug_aranges
                0x000002e8       0x20 ./emlib/em_assert.o
 .debug_aranges
                0x00000308       0x80 ./emlib/em_burtc.o
 .debug_aranges
                0x00000388      0x170 ./emlib/em_cmu.o
 .debug_aranges
                0x000004f8       0xc0 ./emlib/em_emu.o
 .debug_aranges
                0x000005b8       0x70 ./emlib/em_gpio.o
 .debug_aranges
                0x00000628       0x60 ./emlib/em_i2c.o
 .debug_aranges
                0x00000688       0x58 ./emlib/em_rtc.o
 .debug_aranges
                0x000006e0       0x28 ./emlib/em_system.o
 .debug_aranges
                0x00000708       0x70 ./src/low_power_tick_management.o
 .debug_aranges
                0x00000778       0xc8 ./src/main.o
 .debug_aranges
                0x00000840       0x30 ./src/makePrintfWork.o

.debug_loc      0x00000000     0x4318
 .debug_loc     0x00000000      0x31c ./CMSIS/EFM32GG/system_efm32gg.o
 .debug_loc     0x0000031c      0x1cc ./FreeRTOS/efm32gg/list.o
 .debug_loc     0x000004e8      0x294 ./FreeRTOS/efm32gg/port_gcc.o
 .debug_loc     0x0000077c      0xf44 ./FreeRTOS/efm32gg/tasks.o
 .debug_loc     0x000016c0       0x38 ./emlib/em_assert.o
 .debug_loc     0x000016f8      0x41c ./emlib/em_burtc.o
 .debug_loc     0x00001b14      0xd58 ./emlib/em_cmu.o
 .debug_loc     0x0000286c      0x624 ./emlib/em_emu.o
 .debug_loc     0x00002e90      0x394 ./emlib/em_gpio.o
 .debug_loc     0x00003224      0x2f4 ./emlib/em_i2c.o
 .debug_loc     0x00003518      0x274 ./emlib/em_rtc.o
 .debug_loc     0x0000378c       0xac ./emlib/em_system.o
 .debug_loc     0x00003838      0x3a0 ./src/low_power_tick_management.o
 .debug_loc     0x00003bd8      0x650 ./src/main.o
 .debug_loc     0x00004228       0xf0 ./src/makePrintfWork.o

.debug_ranges   0x00000000      0x760
 .debug_ranges  0x00000000       0x60 ./CMSIS/EFM32GG/system_efm32gg.o
 .debug_ranges  0x00000060       0x30 ./FreeRTOS/efm32gg/list.o
 .debug_ranges  0x00000090       0x68 ./FreeRTOS/efm32gg/port_gcc.o
 .debug_ranges  0x000000f8      0x190 ./FreeRTOS/efm32gg/tasks.o
 .debug_ranges  0x00000288       0x10 ./emlib/em_assert.o
 .debug_ranges  0x00000298       0x70 ./emlib/em_burtc.o
 .debug_ranges  0x00000308      0x160 ./emlib/em_cmu.o
 .debug_ranges  0x00000468       0xb0 ./emlib/em_emu.o
 .debug_ranges  0x00000518       0x60 ./emlib/em_gpio.o
 .debug_ranges  0x00000578       0x50 ./emlib/em_i2c.o
 .debug_ranges  0x000005c8       0x48 ./emlib/em_rtc.o
 .debug_ranges  0x00000610       0x18 ./emlib/em_system.o
 .debug_ranges  0x00000628       0x60 ./src/low_power_tick_management.o
 .debug_ranges  0x00000688       0xb8 ./src/main.o
 .debug_ranges  0x00000740       0x20 ./src/makePrintfWork.o

.debug_str      0x00000000     0x349f
 .debug_str     0x00000000      0x439 ./CMSIS/EFM32GG/system_efm32gg.o
                                0x4b9 (size before relaxing)
 .debug_str     0x00000439      0x14f ./FreeRTOS/efm32gg/list.o
                                0x322 (size before relaxing)
 .debug_str     0x00000588      0x243 ./FreeRTOS/efm32gg/port_gcc.o
                                0x434 (size before relaxing)
 .debug_str     0x000007cb      0xa85 ./FreeRTOS/efm32gg/tasks.o
                                0xdc0 (size before relaxing)
 .debug_str     0x00001250       0x29 ./emlib/em_assert.o
                                0x150 (size before relaxing)
 .debug_str     0x00001279      0x2ba ./emlib/em_burtc.o
                                0x4cc (size before relaxing)
 .debug_str     0x00001533      0xc9b ./emlib/em_cmu.o
                               0x109b (size before relaxing)
 .debug_str     0x000021ce      0x4af ./emlib/em_emu.o
                                0xbf2 (size before relaxing)
 .debug_str     0x0000267d      0x3bb ./emlib/em_gpio.o
                                0x600 (size before relaxing)
 .debug_str     0x00002a38      0x346 ./emlib/em_i2c.o
                                0x80c (size before relaxing)
 .debug_str     0x00002d7e       0x29 ./emlib/em_rtc.o
                                0x2e6 (size before relaxing)
 .debug_str     0x00002da7       0xac ./emlib/em_system.o
                                0x2e4 (size before relaxing)
 .debug_str     0x00002e53      0x338 ./src/low_power_tick_management.o
                                0xadf (size before relaxing)
 .debug_str     0x0000318b      0x179 ./src/main.o
                                0xf74 (size before relaxing)
 .debug_str     0x00003304      0x19b ./src/makePrintfWork.o
                                0x59a (size before relaxing)

.debug_frame    0x00000000     0x27c4
 .debug_frame   0x00000000      0x180 ./CMSIS/EFM32GG/system_efm32gg.o
 .debug_frame   0x00000180       0xd8 ./FreeRTOS/efm32gg/list.o
 .debug_frame   0x00000258      0x178 ./FreeRTOS/efm32gg/port_gcc.o
 .debug_frame   0x000003d0      0x6f4 ./FreeRTOS/efm32gg/tasks.o
 .debug_frame   0x00000ac4       0x2c ./emlib/em_assert.o
 .debug_frame   0x00000af0      0x1ec ./emlib/em_burtc.o
 .debug_frame   0x00000cdc      0x630 ./emlib/em_cmu.o
 .debug_frame   0x0000130c      0x2f0 ./emlib/em_emu.o
 .debug_frame   0x000015fc      0x1b0 ./emlib/em_gpio.o
 .debug_frame   0x000017ac      0x164 ./emlib/em_i2c.o
 .debug_frame   0x00001910      0x130 ./emlib/em_rtc.o
 .debug_frame   0x00001a40       0x5c ./emlib/em_system.o
 .debug_frame   0x00001a9c      0x1b4 ./src/low_power_tick_management.o
 .debug_frame   0x00001c50      0x314 ./src/main.o
 .debug_frame   0x00001f64       0x7c ./src/makePrintfWork.o
 .debug_frame   0x00001fe0       0x28 c:/siliconlabs/simplicitystudio/v4/developer/toolchains/gnu_arm/4.9_2015q3/bin/../lib/gcc/arm-none-eabi/4.9.3/../../../../arm-none-eabi/lib/armv7-m\libc_nano.a(lib_a-exit.o)
 .debug_frame   0x00002008       0x2c c:/siliconlabs/simplicitystudio/v4/developer/toolchains/gnu_arm/4.9_2015q3/bin/../lib/gcc/arm-none-eabi/4.9.3/../../../../arm-none-eabi/lib/armv7-m\libc_nano.a(lib_a-init.o)
 .debug_frame   0x00002034       0x20 c:/siliconlabs/simplicitystudio/v4/developer/toolchains/gnu_arm/4.9_2015q3/bin/../lib/gcc/arm-none-eabi/4.9.3/../../../../arm-none-eabi/lib/armv7-m\libc_nano.a(lib_a-memset.o)
 .debug_frame   0x00002054       0x74 c:/siliconlabs/simplicitystudio/v4/developer/toolchains/gnu_arm/4.9_2015q3/bin/../lib/gcc/arm-none-eabi/4.9.3/../../../../arm-none-eabi/lib/armv7-m\libc_nano.a(lib_a-printf.o)
 .debug_frame   0x000020c8      0x11c c:/siliconlabs/simplicitystudio/v4/developer/toolchains/gnu_arm/4.9_2015q3/bin/../lib/gcc/arm-none-eabi/4.9.3/../../../../arm-none-eabi/lib/armv7-m\libc_nano.a(lib_a-findfp.o)
 .debug_frame   0x000021e4       0x54 c:/siliconlabs/simplicitystudio/v4/developer/toolchains/gnu_arm/4.9_2015q3/bin/../lib/gcc/arm-none-eabi/4.9.3/../../../../arm-none-eabi/lib/armv7-m\libc_nano.a(lib_a-fwalk.o)
 .debug_frame   0x00002238       0x2c c:/siliconlabs/simplicitystudio/v4/developer/toolchains/gnu_arm/4.9_2015q3/bin/../lib/gcc/arm-none-eabi/4.9.3/../../../../arm-none-eabi/lib/armv7-m\libc_nano.a(lib_a-nano-mallocr.o)
 .debug_frame   0x00002264       0xb8 c:/siliconlabs/simplicitystudio/v4/developer/toolchains/gnu_arm/4.9_2015q3/bin/../lib/gcc/arm-none-eabi/4.9.3/../../../../arm-none-eabi/lib/armv7-m\libc_nano.a(lib_a-nano-vfprintf.o)
 .debug_frame   0x0000231c       0x58 c:/siliconlabs/simplicitystudio/v4/developer/toolchains/gnu_arm/4.9_2015q3/bin/../lib/gcc/arm-none-eabi/4.9.3/../../../../arm-none-eabi/lib/armv7-m\libc_nano.a(lib_a-nano-vfprintf_i.o)
 .debug_frame   0x00002374       0x2c c:/siliconlabs/simplicitystudio/v4/developer/toolchains/gnu_arm/4.9_2015q3/bin/../lib/gcc/arm-none-eabi/4.9.3/../../../../arm-none-eabi/lib/armv7-m\libc_nano.a(lib_a-sbrkr.o)
 .debug_frame   0x000023a0       0x88 c:/siliconlabs/simplicitystudio/v4/developer/toolchains/gnu_arm/4.9_2015q3/bin/../lib/gcc/arm-none-eabi/4.9.3/../../../../arm-none-eabi/lib/armv7-m\libc_nano.a(lib_a-stdio.o)
 .debug_frame   0x00002428       0x3c c:/siliconlabs/simplicitystudio/v4/developer/toolchains/gnu_arm/4.9_2015q3/bin/../lib/gcc/arm-none-eabi/4.9.3/../../../../arm-none-eabi/lib/armv7-m\libc_nano.a(lib_a-wbuf.o)
 .debug_frame   0x00002464       0x2c c:/siliconlabs/simplicitystudio/v4/developer/toolchains/gnu_arm/4.9_2015q3/bin/../lib/gcc/arm-none-eabi/4.9.3/../../../../arm-none-eabi/lib/armv7-m\libc_nano.a(lib_a-writer.o)
 .debug_frame   0x00002490       0x2c c:/siliconlabs/simplicitystudio/v4/developer/toolchains/gnu_arm/4.9_2015q3/bin/../lib/gcc/arm-none-eabi/4.9.3/../../../../arm-none-eabi/lib/armv7-m\libc_nano.a(lib_a-wsetup.o)
 .debug_frame   0x000024bc       0x2c c:/siliconlabs/simplicitystudio/v4/developer/toolchains/gnu_arm/4.9_2015q3/bin/../lib/gcc/arm-none-eabi/4.9.3/../../../../arm-none-eabi/lib/armv7-m\libc_nano.a(lib_a-closer.o)
 .debug_frame   0x000024e8       0x68 c:/siliconlabs/simplicitystudio/v4/developer/toolchains/gnu_arm/4.9_2015q3/bin/../lib/gcc/arm-none-eabi/4.9.3/../../../../arm-none-eabi/lib/armv7-m\libc_nano.a(lib_a-fflush.o)
 .debug_frame   0x00002550       0x2c c:/siliconlabs/simplicitystudio/v4/developer/toolchains/gnu_arm/4.9_2015q3/bin/../lib/gcc/arm-none-eabi/4.9.3/../../../../arm-none-eabi/lib/armv7-m\libc_nano.a(lib_a-lseekr.o)
 .debug_frame   0x0000257c       0x34 c:/siliconlabs/simplicitystudio/v4/developer/toolchains/gnu_arm/4.9_2015q3/bin/../lib/gcc/arm-none-eabi/4.9.3/../../../../arm-none-eabi/lib/armv7-m\libc_nano.a(lib_a-makebuf.o)
 .debug_frame   0x000025b0       0x28 c:/siliconlabs/simplicitystudio/v4/developer/toolchains/gnu_arm/4.9_2015q3/bin/../lib/gcc/arm-none-eabi/4.9.3/../../../../arm-none-eabi/lib/armv7-m\libc_nano.a(lib_a-memchr.o)
 .debug_frame   0x000025d8       0x2c c:/siliconlabs/simplicitystudio/v4/developer/toolchains/gnu_arm/4.9_2015q3/bin/../lib/gcc/arm-none-eabi/4.9.3/../../../../arm-none-eabi/lib/armv7-m\libc_nano.a(lib_a-nano-freer.o)
 .debug_frame   0x00002604       0x2c c:/siliconlabs/simplicitystudio/v4/developer/toolchains/gnu_arm/4.9_2015q3/bin/../lib/gcc/arm-none-eabi/4.9.3/../../../../arm-none-eabi/lib/armv7-m\libc_nano.a(lib_a-readr.o)
 .debug_frame   0x00002630       0x5c c:/siliconlabs/simplicitystudio/v4/developer/toolchains/gnu_arm/4.9_2015q3/bin/../lib/gcc/arm-none-eabi/4.9.3/../../../../arm-none-eabi/lib/armv7-m\libc_nano.a(lib_a-reent.o)
 .debug_frame   0x0000268c       0x2c c:/siliconlabs/simplicitystudio/v4/developer/toolchains/gnu_arm/4.9_2015q3/bin/../lib/gcc/arm-none-eabi/4.9.3/../../../../arm-none-eabi/lib/armv7-m\libc_nano.a(lib_a-fstatr.o)
 .debug_frame   0x000026b8       0x2c c:/siliconlabs/simplicitystudio/v4/developer/toolchains/gnu_arm/4.9_2015q3/bin/../lib/gcc/arm-none-eabi/4.9.3/../../../../arm-none-eabi/lib/armv7-m\libc_nano.a(lib_a-isattyr.o)
 .debug_frame   0x000026e4       0x20 c:/siliconlabs/simplicitystudio/v4/developer/toolchains/gnu_arm/4.9_2015q3/bin/../lib/gcc/arm-none-eabi/4.9.3/../../../../arm-none-eabi/lib/armv7-m\libnosys.a(close.o)
 .debug_frame   0x00002704       0x20 c:/siliconlabs/simplicitystudio/v4/developer/toolchains/gnu_arm/4.9_2015q3/bin/../lib/gcc/arm-none-eabi/4.9.3/../../../../arm-none-eabi/lib/armv7-m\libnosys.a(fstat.o)
 .debug_frame   0x00002724       0x20 c:/siliconlabs/simplicitystudio/v4/developer/toolchains/gnu_arm/4.9_2015q3/bin/../lib/gcc/arm-none-eabi/4.9.3/../../../../arm-none-eabi/lib/armv7-m\libnosys.a(isatty.o)
 .debug_frame   0x00002744       0x20 c:/siliconlabs/simplicitystudio/v4/developer/toolchains/gnu_arm/4.9_2015q3/bin/../lib/gcc/arm-none-eabi/4.9.3/../../../../arm-none-eabi/lib/armv7-m\libnosys.a(lseek.o)
 .debug_frame   0x00002764       0x20 c:/siliconlabs/simplicitystudio/v4/developer/toolchains/gnu_arm/4.9_2015q3/bin/../lib/gcc/arm-none-eabi/4.9.3/../../../../arm-none-eabi/lib/armv7-m\libnosys.a(read.o)
 .debug_frame   0x00002784       0x20 c:/siliconlabs/simplicitystudio/v4/developer/toolchains/gnu_arm/4.9_2015q3/bin/../lib/gcc/arm-none-eabi/4.9.3/../../../../arm-none-eabi/lib/armv7-m\libnosys.a(sbrk.o)
 .debug_frame   0x000027a4       0x20 c:/siliconlabs/simplicitystudio/v4/developer/toolchains/gnu_arm/4.9_2015q3/bin/../lib/gcc/arm-none-eabi/4.9.3/../../../../arm-none-eabi/lib/armv7-m\libnosys.a(_exit.o)

.stab           0x00000000       0x84
 .stab          0x00000000       0x24 c:/siliconlabs/simplicitystudio/v4/developer/toolchains/gnu_arm/4.9_2015q3/bin/../lib/gcc/arm-none-eabi/4.9.3/../../../../arm-none-eabi/lib/armv7-m\libnosys.a(close.o)
 .stab          0x00000024       0x18 c:/siliconlabs/simplicitystudio/v4/developer/toolchains/gnu_arm/4.9_2015q3/bin/../lib/gcc/arm-none-eabi/4.9.3/../../../../arm-none-eabi/lib/armv7-m\libnosys.a(fstat.o)
                                 0x24 (size before relaxing)
 .stab          0x0000003c       0x18 c:/siliconlabs/simplicitystudio/v4/developer/toolchains/gnu_arm/4.9_2015q3/bin/../lib/gcc/arm-none-eabi/4.9.3/../../../../arm-none-eabi/lib/armv7-m\libnosys.a(isatty.o)
                                 0x24 (size before relaxing)
 .stab          0x00000054       0x18 c:/siliconlabs/simplicitystudio/v4/developer/toolchains/gnu_arm/4.9_2015q3/bin/../lib/gcc/arm-none-eabi/4.9.3/../../../../arm-none-eabi/lib/armv7-m\libnosys.a(lseek.o)
                                 0x24 (size before relaxing)
 .stab          0x0000006c       0x18 c:/siliconlabs/simplicitystudio/v4/developer/toolchains/gnu_arm/4.9_2015q3/bin/../lib/gcc/arm-none-eabi/4.9.3/../../../../arm-none-eabi/lib/armv7-m\libnosys.a(read.o)
                                 0x24 (size before relaxing)

.stabstr        0x00000000      0x117
 .stabstr       0x00000000      0x117 c:/siliconlabs/simplicitystudio/v4/developer/toolchains/gnu_arm/4.9_2015q3/bin/../lib/gcc/arm-none-eabi/4.9.3/../../../../arm-none-eabi/lib/armv7-m\libnosys.a(close.o)
